// Vitest Snapshot v1, https://vitest.dev/guide/snapshot.html

exports[`DecisionCard > renders complete decision artifact fields 1`] = `"<article class="rounded border border-slate-800 bg-slate-950 p-3 text-sm" data-testid="decision-card"><h3 class="text-sm font-semibold">Terminal Decision Artifact</h3><p>Market implied vs model implied: 44.0% vs 52.0%</p><p title="Delta is not a pick. It reflects market-model probability difference only.">Delta (not a pick): +8.00%</p><p>Confidence: 67.0%</p><p>Volatility: swingy</p><p>Reasons: line move, injury uncertainty</p><p>Fragility variables: pace, usage</p><p>Evidence sources: live, model-v1</p><p class="mt-2 text-xs text-slate-500">Delta is not a pick. It reflects market-model probability difference only.</p></article>"`;
